#,,,,,,,,,,,,,,,,,,,,,,"generated_by='OpenQuake engine 3.15.0-git0d2fe8388e', start_date='2022-05-09T08:45:32', checksum=3755724412, kind='rlz-002', investigation_time=1.0, imt='PGA'"
lon,lat,depth,poe-0.0050000,poe-0.0070015,poe-0.0098041,poe-0.0137286,poe-0.0192240,poe-0.0269192,poe-0.0376948,poe-0.0527836,poe-0.0739125,poe-0.1034991,poe-0.1449289,poe-0.2029427,poe-0.2841789,poe-0.3979333,poe-0.5572227,poe-0.7802743,poe-1.0926116,poe-1.5299748,poe-2.1424109,poe-3.0000000
-124.42749,48.14623,0.00000,1.430960E-07,1.150351E-07,7.948657E-08,4.552045E-08,2.099146E-08,7.579176E-09,2.019551E-09,3.259180E-10,2.288458E-11,0.000000E+00,0.000000E+00,0.000000E+00,0.000000E+00,0.000000E+00,0.000000E+00,0.000000E+00,0.000000E+00,0.000000E+00,0.000000E+00,0.000000E+00
-122.18685,47.32665,0.00000,5.115569E-07,4.815415E-07,4.205301E-07,3.268575E-07,2.176805E-07,1.205773E-07,5.430424E-08,1.940658E-08,5.194469E-09,9.307565E-10,9.442680E-11,1.486367E-12,0.000000E+00,0.000000E+00,0.000000E+00,0.000000E+00,0.000000E+00,0.000000E+00,0.000000E+00,0.000000E+00
