#,,,,,,,,,,,,,,,,,,,,,,"generated_by='OpenQuake engine 3.16.0-gita90f76d518', start_date='2022-11-29T09:24:29', checksum=1034310637, kind='mean', investigation_time=1.0, imt='PGA'"
lon,lat,depth,poe-0.0050000,poe-0.0070015,poe-0.0098041,poe-0.0137286,poe-0.0192240,poe-0.0269192,poe-0.0376948,poe-0.0527836,poe-0.0739125,poe-0.1034991,poe-0.1449289,poe-0.2029427,poe-0.2841789,poe-0.3979333,poe-0.5572227,poe-0.7802743,poe-1.0926116,poe-1.5299748,poe-2.1424109,poe-3.0000000
-89.83000,35.82000,0.00000,7.197409E-04,7.197409E-04,7.197409E-04,7.197409E-04,7.197409E-04,7.197405E-04,7.197299E-04,7.195583E-04,7.180371E-04,7.096043E-04,6.790786E-04,6.047827E-04,4.793603E-04,3.271342E-04,1.890527E-04,9.182092E-05,3.724621E-05,1.217236E-05,2.927064E-06,3.248160E-07
