#,,,,,,,,,,,,"generated_by='OpenQuake engine 3.12.0-git8277484fc4', start_date='2021-04-26T14:31:40', checksum=2684299134, kind='mean', investigation_time=1.0, imt='PGA'"
lon,lat,depth,poe-0.0500000,poe-0.0753315,poe-0.1134967,poe-0.1709976,poe-0.2576301,poe-0.3881533,poe-0.5848035,poe-0.8810827,poe-1.3274658,poe-2.0000000
-77.61460,8.44480,0.00000,8.291785E-04,4.081923E-04,1.836010E-04,8.278476E-05,3.464870E-05,8.674073E-06,4.114501E-07,1.473284E-08,8.640735E-11,1.189733E-15
-77.61470,8.44480,0.00000,9.445759E-04,4.768962E-04,2.168522E-04,9.315013E-05,3.718059E-05,1.515232E-05,6.152566E-06,1.406174E-06,1.606634E-07,1.165368E-08
-77.61480,8.44480,0.00000,7.135378E-04,3.423741E-04,1.564273E-04,7.042536E-05,2.958528E-05,8.544340E-06,7.308407E-07,6.058649E-08,8.696711E-10,1.870216E-19
