#,,,,,,,,,,,,,,,,,,,,,,,,,,,,,,,,"generated_by='OpenQuake engine 3.17.0-gitb4be0ebc66', start_date='2023-03-16T08:50:28', checksum=1918878307, kind='mean', investigation_time=50.0, imt='SA(0.15)'"
lon,lat,depth,poe-0.0137000,poe-0.0165774,poe-0.0200592,poe-0.0242723,poe-0.0293702,poe-0.0355388,poe-0.0430031,poe-0.0520351,poe-0.0629640,poe-0.0761884,poe-0.0921904,poe-0.1115532,poe-0.1349828,poe-0.1633334,poe-0.1976385,poe-0.2391487,poe-0.2893774,poe-0.3501556,poe-0.4236991,poe-0.5126891,poe-0.6203697,poe-0.7506666,poe-0.9083299,poe-1.0991073,poe-1.3299539,poe-1.6092855,poe-1.9472853,poe-2.3562756,poe-2.8511666,poe-3.4500000
16.26570,39.30020,0.00000,6.586450E-01,6.185969E-01,5.737857E-01,5.244690E-01,4.713584E-01,4.156562E-01,3.589879E-01,3.032389E-01,2.502965E-01,2.018041E-01,1.589464E-01,1.223639E-01,9.214915E-02,6.796046E-02,4.915005E-02,3.490811E-02,2.438474E-02,1.678365E-02,1.140087E-02,7.662402E-03,5.110497E-03,3.397913E-03,2.260699E-03,1.508558E-03,1.010775E-03,6.803051E-04,4.594937E-04,3.104803E-04,2.089645E-04,1.394325E-04
