#,,,,,,,,,,,,"generated_by='OpenQuake engine 3.16.0-git86ec35bbf9', start_date='2022-11-07T18:15:44', checksum=4144669908, kind='mean', investigation_time=50.0, imt='PGA'"
lon,lat,depth,poe-0.0100000,poe-0.0166810,poe-0.0278256,poe-0.0464159,poe-0.0774264,poe-0.1291550,poe-0.2154435,poe-0.3593814,poe-0.5994843,poe-1.0000000
4.75400,45.40990,0.00000,5.894648E-02,2.907596E-02,1.200912E-02,4.074582E-03,1.102409E-03,2.265855E-04,3.152304E-05,1.920115E-06,2.583785E-09,0.000000E+00
