#,,,,"generated_by='OpenQuake engine 3.15.0-git7c5b3f1678', start_date='2022-05-14T10:44:47', checksum=2967670219, kind='rlz-001', investigation_time=1.0"
lon,lat,0.002105~PGA,0.002105~SA(0.2),0.002105~SA(1.0)
-123.23738,49.27479,2.651139E-03,1.120929E-02,1.218275E-02
-123.23282,49.26162,2.603451E-03,1.105909E-02,1.208975E-02
-123.20480,49.26786,2.605109E-03,1.106432E-02,1.209299E-02
