#,,"generated_by='OpenQuake engine 3.17.0-git55f5880caf', start_date='2023-04-25T06:56:34', checksum=4091696506"
site_id,event_id,gmv_PGA
0,0,2.40789E-01
0,1,2.41706E-01
0,2,2.49878E-01
0,3,2.53223E-01
0,4,2.54670E-01
0,5,2.57590E-01
0,6,2.69608E-01
0,7,2.86780E-01
0,8,3.18067E-01
0,9,4.07945E-01
0,10,4.71299E-01
