#,,,,,,,,,,,,"generated_by='OpenQuake engine 3.15.0-gitcca98edcdb', start_date='2022-07-07T17:11:53', checksum=3009425922, kind='mean', investigation_time=1.0, imt='SA(0.5)'"
lon,lat,depth,poe-0.0010000,poe-0.0021544,poe-0.0046416,poe-0.0100000,poe-0.0215443,poe-0.0464159,poe-0.1000000,poe-0.2154435,poe-0.4641589,poe-1.0000000
-65.13490,0.00000,0.00000,1.591452E-02,1.591452E-02,1.591452E-02,1.591452E-02,1.581713E-02,1.472070E-02,1.068956E-02,4.735482E-03,9.976171E-04,7.159846E-05
