#,,,,,,,,,,,,"generated_by='OpenQuake engine 3.17.0-git09efc1e422', start_date='2023-04-26T10:17:44', checksum=2182706594, kind='mean', investigation_time=1.0, imt='PGA'"
lon,lat,depth,poe-0.0100000,poe-0.0166810,poe-0.0278256,poe-0.0464159,poe-0.0774264,poe-0.1291550,poe-0.2154435,poe-0.3593814,poe-0.5994843,poe-1.0000000
0.00000,0.00000,-0.10000,6.409503E-01,6.168425E-01,5.516956E-01,4.634123E-01,3.341174E-01,1.644399E-01,8.374480E-02,3.075346E-02,0.000000E+00,0.000000E+00
