#,,,,,"generated_by='OpenQuake engine 3.20.0-gitbe34bec43c', start_date='2024-05-29T14:15:21', checksum=1007332456, investigation_time=1000.0, risk_investigation_time=1.0"
loss_type,rlz_id,loss_value,loss_ratio,pla_loss_value,pla_loss_ratio
structural,0,3.76866E+06,5.46970E-03,4.09246E+06,5.93965E-03
structural,1,3.72782E+06,5.41042E-03,4.03562E+06,5.85715E-03
