#,,,,,,,,,,,,,,"generated_by='OpenQuake engine 3.15.0-git7c5b3f1678', start_date='2022-05-14T10:44:47', checksum=2967670219, kind='mean', investigation_time=1.0, imt='PGA'"
lon,lat,depth,poe-0.0010197,poe-0.0101972,poe-0.0178450,poe-0.0305915,poe-0.0611830,poe-0.1019720,poe-0.1784500,poe-0.3059150,poe-0.6118300,poe-1.0197200,poe-1.7845000,poe-2.3963300
-123.23738,49.27479,0.00000,1.265106E-02,2.832972E-04,4.830371E-05,4.809148E-06,3.617870E-08,0.000000E+00,0.000000E+00,0.000000E+00,0.000000E+00,0.000000E+00,0.000000E+00,0.000000E+00
-123.23282,49.26162,0.00000,1.243703E-02,2.708581E-04,4.555682E-05,4.445401E-06,2.945434E-08,0.000000E+00,0.000000E+00,0.000000E+00,0.000000E+00,0.000000E+00,0.000000E+00,0.000000E+00
-123.20480,49.26786,0.00000,1.244452E-02,2.712878E-04,4.565119E-05,4.457489E-06,2.968175E-08,0.000000E+00,0.000000E+00,0.000000E+00,0.000000E+00,0.000000E+00,0.000000E+00,0.000000E+00
