#,,,,,,,,,,,,,,"generated_by='OpenQuake engine 3.15.0-git7c5b3f1678', start_date='2022-05-14T10:44:47', checksum=2967670219, kind='mean', investigation_time=1.0, imt='SA(0.2)'"
lon,lat,depth,poe-0.0010197,poe-0.0101972,poe-0.0178450,poe-0.0305915,poe-0.0611830,poe-0.1019720,poe-0.1784500,poe-0.3059150,poe-0.6118300,poe-1.0197200,poe-1.7845000,poe-2.3963300
-123.23738,49.27479,0.00000,3.416795E-02,3.088956E-03,9.727980E-04,2.142906E-04,1.339884E-05,6.452868E-07,0.000000E+00,0.000000E+00,0.000000E+00,0.000000E+00,0.000000E+00,0.000000E+00
-123.23282,49.26162,0.00000,3.388318E-02,3.007787E-03,9.385329E-04,2.044024E-04,1.251997E-05,5.767998E-07,0.000000E+00,0.000000E+00,0.000000E+00,0.000000E+00,0.000000E+00,0.000000E+00
-123.20480,49.26786,0.00000,3.389322E-02,3.010615E-03,9.397212E-04,2.047434E-04,1.254980E-05,5.791292E-07,0.000000E+00,0.000000E+00,0.000000E+00,0.000000E+00,0.000000E+00,0.000000E+00
