#,,,,,,,,,,,,,,,,,"generated_by='OpenQuake engine 3.16.0-gitcc0863664e', start_date='2022-12-09T10:18:01', checksum=4157855286, kind='mean', investigation_time=50.0"
lon,lat,0.100000~PGA,0.100000~SA(0.025),0.100000~SA(0.05),0.100000~SA(0.1),0.100000~SA(0.2),0.100000~SA(0.5),0.100000~SA(1.0),0.100000~SA(2.0),0.020000~PGA,0.020000~SA(0.025),0.020000~SA(0.05),0.020000~SA(0.1),0.020000~SA(0.2),0.020000~SA(0.5),0.020000~SA(1.0),0.020000~SA(2.0)
0.00000,0.00000,3.323827E-01,3.646145E-01,4.702389E-01,7.510663E-01,7.600089E-01,4.172108E-01,2.103928E-01,9.149992E-02,5.237427E-01,5.752615E-01,7.457392E-01,1.200226E+00,1.236741E+00,7.148256E-01,3.762816E-01,1.733040E-01
0.10000,0.00000,3.328778E-01,3.659203E-01,4.740185E-01,7.551752E-01,7.507322E-01,4.107520E-01,2.064116E-01,8.865371E-02,5.383559E-01,5.928705E-01,7.741399E-01,1.242449E+00,1.250318E+00,7.202836E-01,3.778225E-01,1.717130E-01
