#,,,,,,,,,,,,,,"generated_by='OpenQuake engine 3.15.0-git7c5b3f1678', start_date='2022-05-14T10:44:47', checksum=2967670219, kind='mean', investigation_time=1.0, imt='SA(1.0)'"
lon,lat,depth,poe-0.0010197,poe-0.0101972,poe-0.0178450,poe-0.0305915,poe-0.0611830,poe-0.1019720,poe-0.1784500,poe-0.3059150,poe-0.6118300,poe-1.0197200,poe-1.7845000,poe-2.3963300
-123.23738,49.27479,0.00000,2.303142E-02,3.037951E-03,1.320109E-03,4.596094E-04,7.134132E-05,1.084773E-05,6.367329E-07,0.000000E+00,0.000000E+00,0.000000E+00,0.000000E+00,0.000000E+00
-123.23282,49.26162,0.00000,2.290990E-02,3.006782E-03,1.302974E-03,4.520701E-04,6.979619E-05,1.055563E-05,6.136149E-07,0.000000E+00,0.000000E+00,0.000000E+00,0.000000E+00,0.000000E+00
-123.20480,49.26786,0.00000,2.291415E-02,3.007870E-03,1.303572E-03,4.523324E-04,6.984980E-05,1.056575E-05,6.144148E-07,0.000000E+00,0.000000E+00,0.000000E+00,0.000000E+00,0.000000E+00
