#,,"generated_by='OpenQuake engine 3.17.0-git55f5880caf', start_date='2023-04-25T06:57:10', checksum=1024542541"
site_id,event_id,gmv_PGA
0,0,2.41706E-01
0,1,2.55155E-01
0,2,3.18974E-01
0,3,4.09109E-01
