#,,"generated_by='OpenQuake engine 3.17.0-git55f5880caf', start_date='2023-04-25T06:55:32', checksum=3536950222"
site_id,event_id,gmv_SA(0.3)
0,0,7.42827E-02
1,0,7.02487E-02
1,1,3.35706E-02
