#,,"generated_by='OpenQuake engine 3.16.0-git4725478d37', start_date='2023-01-20T11:17:50', checksum=4118480633, kind='mean', investigation_time=50.0"
lon,lat,PGA-0.002105
112.10000,22.30000,3.189415E-02
