#,,,,"generated_by='OpenQuake engine 3.16.0-git6c0e27a6d6', start_date='2022-09-15T06:21:28', checksum=2514252443, kind='std', investigation_time=50.0"
lon,lat,0.010000~PGA,0.100000~PGA,0.200000~PGA
-0.10000,0.00000,7.914463E-01,3.406963E-01,2.059215E-01
0.00000,0.00000,8.000000E-01,3.595884E-01,2.238869E-01
0.10000,0.00000,8.000000E-01,8.000000E-01,2.204934E-01
