#,,"generated_by='OpenQuake engine 3.17.0-git55f5880caf', start_date='2023-04-25T06:55:00', checksum=38945602"
site_id,event_id,gmv_PGA
0,0,1.54005E-03
1,0,4.63152E-03
0,1,1.11125E-03
1,1,8.32579E-04
0,2,2.44538E-03
1,2,2.02574E-03
0,3,3.11621E-03
1,3,1.54343E-03
0,4,2.19961E-03
1,4,2.96988E-03
