#,,,,,,,,,,,,"generated_by='OpenQuake engine 3.13.0-git1a457fc896', start_date='2022-01-18T07:34:53', checksum=2526973722, kind='mean', investigation_time=1.0, imt='PGA'"
lon,lat,depth,poe-0.0050000,poe-0.0097294,poe-0.0189324,poe-0.0368403,poe-0.0716871,poe-0.1394951,poe-0.2714418,poe-0.5281952,poe-1.0278085,poe-2.0000000
-180.00000,-27.00000,0.00000,1.021878E-04,4.272507E-05,1.453738E-05,3.872100E-06,7.611386E-07,9.092068E-08,4.337586E-09,4.511580E-12,0.000000E+00,0.000000E+00
-178.00000,-28.00000,0.00000,3.813121E-01,2.720061E-01,1.602799E-01,7.387556E-02,2.537427E-02,6.089234E-03,8.871545E-04,6.317625E-05,1.445607E-06,0.000000E+00
179.00000,-26.00000,0.00000,1.640884E-04,6.556534E-05,2.109662E-05,5.556562E-06,1.154896E-06,1.711658E-07,1.418558E-08,3.588216E-10,0.000000E+00,0.000000E+00
-180.00000,-30.00000,0.00000,2.393658E-01,1.373503E-01,6.251996E-02,2.102613E-02,4.424710E-03,4.938436E-04,2.440232E-05,2.857473E-07,0.000000E+00,0.000000E+00
-180.00000,-28.00000,0.00000,7.480869E-02,3.459777E-02,1.229112E-02,3.168067E-03,4.978740E-04,3.180029E-05,2.909129E-08,0.000000E+00,0.000000E+00,0.000000E+00
