#,,,"generated_by='OpenQuake engine 3.20.0-git0b44a3aca0', start_date='2024-05-25T17:48:14', checksum=628017107, kind='rlz-003', investigation_time=1.0, imt='PGA'"
lon,lat,depth,poe-0.0010000
0.00000,0.00000,0.00000,6.321205E-01
