#,,,,,,"generated_by='OpenQuake engine 3.17.0-git55f5880caf', start_date='2023-04-25T06:56:34', checksum=4091696506, kind='rlz-001', investigation_time=1.0, imt='PGA'"
lon,lat,depth,poe-0.1000000,poe-0.4000000,poe-0.6000000,poe-1.0000000
0.00000,0.00000,0.00000,9.950167E-03,3.327784E-03,0.000000E+00,0.000000E+00
