#,,,,,,,,,,,,,,,,,,,,,,,,,,,,,,,,"generated_by='OpenQuake engine 3.13.0-git4a38c3444b', start_date='2021-10-08T10:19:28', checksum=2684299134, kind='mean', investigation_time=1.0, imt='PGA'"
lon,lat,depth,poe-0.0100000,poe-0.0121736,poe-0.0148196,poe-0.0180407,poe-0.0219620,poe-0.0267356,poe-0.0325468,poe-0.0396210,poe-0.0482329,poe-0.0587167,poe-0.0714792,poe-0.0870157,poe-0.1059292,poe-0.1289537,poe-0.1569826,poe-0.1911039,poe-0.2326417,poe-0.2832080,poe-0.3447653,poe-0.4197025,poe-0.5109277,poe-0.6219815,poe-0.7571736,poe-0.9217506,poe-1.1220995,poe-1.3659958,poe-1.6629046,poe-2.0243486,poe-2.4643551,poe-3.0000000
-77.61460,8.44480,0.00000,6.808519E-03,5.737316E-03,4.782569E-03,3.943989E-03,3.218848E-03,2.599964E-03,2.077339E-03,1.640329E-03,1.278662E-03,9.826897E-04,7.435464E-04,5.530878E-04,4.035218E-04,2.874912E-04,1.988312E-04,1.328416E-04,8.557540E-05,5.316738E-05,3.186831E-05,1.840618E-05,1.021212E-05,5.421014E-06,2.743987E-06,1.320815E-06,6.018946E-07,2.569707E-07,1.006760E-07,3.503047E-08,1.038690E-08,2.512139E-09
