#,,,,,,"generated_by='OpenQuake engine 3.15.0-gitdc4be550fe', start_date='2022-05-24T16:13:48', checksum=3163545554, kind='mean', investigation_time=1.0, imt='PGA'"
lon,lat,depth,poe-0.1000000,poe-0.4000000,poe-0.6000000,poe-1.0000000
0.10000,0.00000,0.00000,1.096816E-02,5.282743E-04,7.042584E-05,0.000000E+00
