#,,,,,,,,,,,,"generated_by='OpenQuake engine 3.13.0-git1a457fc896', start_date='2022-01-18T07:34:53', checksum=2526973722, kind='mean', investigation_time=1.0, imt='SA(1.0)'"
lon,lat,depth,poe-0.0050000,poe-0.0097294,poe-0.0189324,poe-0.0368403,poe-0.0716871,poe-0.1394951,poe-0.2714418,poe-0.5281952,poe-1.0278085,poe-2.0000000
-180.00000,-27.00000,0.00000,7.293191E-05,2.679291E-05,7.729162E-06,1.664561E-06,2.436467E-07,2.098633E-08,7.918458E-10,1.021339E-12,0.000000E+00,0.000000E+00
-178.00000,-28.00000,0.00000,3.316716E-01,2.146276E-01,1.132368E-01,4.817673E-02,1.645218E-02,4.353447E-03,8.125222E-04,9.271949E-05,3.967034E-06,0.000000E+00
179.00000,-26.00000,0.00000,1.125027E-04,4.171846E-05,1.232882E-05,2.781982E-06,4.416374E-07,4.490832E-08,2.606758E-09,5.536455E-11,0.000000E+00,0.000000E+00
-180.00000,-30.00000,0.00000,2.134906E-01,1.208872E-01,5.707812E-02,2.136612E-02,5.884759E-03,1.149837E-03,1.579548E-04,1.334394E-05,2.054058E-07,0.000000E+00
-180.00000,-28.00000,0.00000,7.227089E-02,3.612771E-02,1.489002E-02,5.027855E-03,1.352001E-03,2.754596E-04,3.846958E-05,2.635014E-06,0.000000E+00,0.000000E+00
