#,,,,,,,,,,,,"generated_by='OpenQuake engine 3.15.0-gitcca98edcdb', start_date='2022-07-07T17:11:53', checksum=3009425922, kind='mean', investigation_time=1.0, imt='PGA'"
lon,lat,depth,poe-0.0010000,poe-0.0021544,poe-0.0046416,poe-0.0100000,poe-0.0215443,poe-0.0464159,poe-0.1000000,poe-0.2154435,poe-0.4641589,poe-1.0000000
-65.13490,0.00000,0.00000,1.591452E-02,1.591452E-02,1.591452E-02,1.590107E-02,1.548229E-02,1.316749E-02,8.492190E-03,3.558694E-03,6.789584E-04,3.637531E-05
