#,,,"generated_by='OpenQuake engine 3.17.0-gitec80727f34', start_date='2023-04-28T05:51:54', checksum=3582279924, kind='mean', investigation_time=1.0, imt='PGA'"
lon,lat,depth,poe-0.1200000
0.00000,0.00000,0.00000,9.989347E-01
