#,,,,,,,,,,,,,,,,,,,,,,"generated_by='OpenQuake engine 3.15.0-gitb4eb2988ae', start_date='2022-05-23T07:28:24', checksum=3487317861, kind='mean', investigation_time=1.0, imt='PGA'"
lon,lat,depth,poe-0.0010000,poe-0.0015656,poe-0.0024511,poe-0.0038375,poe-0.0060080,poe-0.0094062,poe-0.0147264,poe-0.0230557,poe-0.0360962,poe-0.0565124,poe-0.0884762,poe-0.1385189,poe-0.2168661,poe-0.3395269,poe-0.5315656,poe-0.8322225,poe-1.3029331,poe-2.0398806,poe-3.1936504,poe-5.0000000
-78.79320,0.19210,0.00000,4.273787E-04,4.273787E-04,4.273787E-04,4.273787E-04,4.268539E-04,4.232854E-04,4.092056E-04,3.714761E-04,3.007534E-04,2.083909E-04,1.231578E-04,6.381558E-05,2.906980E-05,1.112747E-05,3.214531E-06,6.183205E-07,5.978942E-08,0.000000E+00,0.000000E+00,0.000000E+00
