#,,,,,"generated_by='OpenQuake engine 3.17.0-git7d09271cc4', start_date='2023-04-27T11:02:29', checksum=771838640, kind='mean', investigation_time=1.0, imt='PGA'"
lon,lat,depth,poe-0.1000000,poe-0.4000000,poe-0.6000000
0.00000,0.00000,0.00000,7.771904E-01,1.305331E-01,1.379151E-02
