#,,,,,,,,,,,,,,,,,,,,,,,,,,,,,,,,"generated_by='OpenQuake engine 3.13.0-git4a38c3444b', start_date='2021-10-08T10:19:28', checksum=2684299134, kind='mean', investigation_time=1.0, imt='SA(1.0)'"
lon,lat,depth,poe-0.0100000,poe-0.0121736,poe-0.0148196,poe-0.0180407,poe-0.0219620,poe-0.0267356,poe-0.0325468,poe-0.0396210,poe-0.0482329,poe-0.0587167,poe-0.0714792,poe-0.0870157,poe-0.1059292,poe-0.1289537,poe-0.1569826,poe-0.1911039,poe-0.2326417,poe-0.2832080,poe-0.3447653,poe-0.4197025,poe-0.5109277,poe-0.6219815,poe-0.7571736,poe-0.9217506,poe-1.1220995,poe-1.3659958,poe-1.6629046,poe-2.0243486,poe-2.4643551,poe-3.0000000
-77.61460,8.44480,0.00000,2.549423E-03,1.996039E-03,1.539509E-03,1.168669E-03,8.723646E-04,6.397909E-04,4.606936E-04,3.254646E-04,2.253910E-04,1.528264E-04,1.013152E-04,6.557535E-05,4.138023E-05,2.543574E-05,1.520116E-05,8.798430E-06,4.912661E-06,2.634372E-06,1.345864E-06,6.471440E-07,2.881702E-07,1.157869E-07,4.021690E-08,1.131986E-08,2.313769E-09,2.964306E-10,2.133449E-11,8.277832E-13,1.655121E-14,1.405542E-16
