#,,,"generated_by='OpenQuake engine 3.13.0-git4a38c3444b', start_date='2021-10-08T10:19:28', checksum=2684299134, kind='mean', investigation_time=1.0"
lon,lat,0.002105~PGA,0.002105~SA(1.0)
-77.61460,8.44480,3.217161E-02,1.166446E-02
