+---------+---------+---------+
| PGA     | SA(0.3) | SA(0.6) |
+---------+---------+---------+
| 0.00147 | 0.00176 | 0.00162 |
+---------+---------+---------+