#,,,,,,,,,,,,,,,,,,,,,,,,,,,,,,,"generated_by='OpenQuake engine 3.15.0-git2372a64554', start_date='2022-05-12T15:55:35', checksum=3098153713, kind='mean', investigation_time=50.0, imt='PGA'"
lon,lat,depth,poe-0.0100000,poe-0.0200000,poe-0.0400000,poe-0.0600000,poe-0.0800000,poe-0.1000000,poe-0.2000000,poe-0.3000000,poe-0.4000000,poe-0.5000000,poe-0.6000000,poe-0.7000000,poe-0.8000000,poe-0.9000000,poe-1.0000000,poe-1.2000000,poe-1.4000000,poe-1.6000000,poe-1.8000000,poe-2.0000000,poe-2.2000000,poe-2.4000000,poe-2.6000000,poe-2.8000000,poe-3.0000000,poe-3.5000000,poe-4.0000000,poe-4.5000000,poe-5.0000000
174.32401,-35.72500,0.00000,1.868040E-04,7.766714E-06,9.560595E-09,0.000000E+00,0.000000E+00,0.000000E+00,0.000000E+00,0.000000E+00,0.000000E+00,0.000000E+00,0.000000E+00,0.000000E+00,0.000000E+00,0.000000E+00,0.000000E+00,0.000000E+00,0.000000E+00,0.000000E+00,0.000000E+00,0.000000E+00,0.000000E+00,0.000000E+00,0.000000E+00,0.000000E+00,0.000000E+00,0.000000E+00,0.000000E+00,0.000000E+00,0.000000E+00
