#,,"generated_by='OpenQuake engine 3.17.0-git55f5880caf', start_date='2023-04-25T06:55:30', checksum=3265707155"
site_id,event_id,gmv_PGA
0,0,8.06335E-02
0,1,1.35125E-02
0,2,1.37217E-02
0,3,1.67121E-02
0,4,9.74881E-02
0,5,2.00439E-02
0,6,1.14681E-01
0,7,1.16957E-01
0,8,4.96171E-02
