#,,,,,,,,,,,,,,,,,,,,,,"generated_by='OpenQuake engine 3.15.0-git4f40f27632', start_date='2022-06-09T08:24:24', checksum=4118480633, kind='mean', investigation_time=50.0, imt='PGA'"
lon,lat,depth,poe-0.0050000,poe-0.0070015,poe-0.0098041,poe-0.0137286,poe-0.0192240,poe-0.0269192,poe-0.0376948,poe-0.0527836,poe-0.0739125,poe-0.1034991,poe-0.1449289,poe-0.2029427,poe-0.2841789,poe-0.3979333,poe-0.5572227,poe-0.7802743,poe-1.0926116,poe-1.5299748,poe-2.1424109,poe-3.0000000
112.10000,22.30000,0.00000,5.379730E-02,4.118636E-02,2.768710E-02,1.618424E-02,8.170249E-03,3.517538E-03,1.269245E-03,3.730543E-04,8.406209E-05,1.345083E-05,1.282928E-06,4.479167E-08,0.000000E+00,0.000000E+00,0.000000E+00,0.000000E+00,0.000000E+00,0.000000E+00,0.000000E+00,0.000000E+00
